node_modules/sonner/dist/index.d.ts(1,8): error TS1259: Module '"G:/salmara-mar-13/salveo-aya-forge/node_modules/@types/react/index"' can only be default-imported using the 'esModuleInterop' flag
src/components/Dashboard.tsx(1,8): error TS1259: Module '"G:/salmara-mar-13/salveo-aya-forge/node_modules/@types/react/index"' can only be default-imported using the 'esModuleInterop' flag
src/components/Dashboard.tsx(34,8): error TS2307: Cannot find module '@/lib/shopifyAdmin' or its corresponding type declarations.
src/components/Dashboard.tsx(38,30): error TS2307: Cannot find module '@/stores/cartStore' or its corresponding type declarations.
src/components/Dashboard.tsx(241,7): error TS17004: Cannot use JSX unless the '--jsx' flag is provided.
src/components/Dashboard.tsx(242,9): error TS17004: Cannot use JSX unless the '--jsx' flag is provided.
src/components/Dashboard.tsx(248,5): error TS17004: Cannot use JSX unless the '--jsx' flag is provided.
src/components/Dashboard.tsx(250,7): error TS17004: Cannot use JSX unless the '--jsx' flag is provided.
src/components/Dashboard.tsx(251,9): error TS17004: Cannot use JSX unless the '--jsx' flag is provided.
src/components/Dashboard.tsx(252,11): error TS17004: Cannot use JSX unless the '--jsx' flag is provided.
src/components/Dashboard.tsx(256,13): error TS17004: Cannot use JSX unless the '--jsx' flag is provided.
src/components/Dashboard.tsx(258,11): error TS17004: Cannot use JSX unless the '--jsx' flag is provided.
src/components/Dashboard.tsx(259,13): error TS17004: Cannot use JSX unless the '--jsx' flag is provided.
src/components/Dashboard.tsx(262,9): error TS17004: Cannot use JSX unless the '--jsx' flag is provided.
src/components/Dashboard.tsx(263,11): error TS17004: Cannot use JSX unless the '--jsx' flag is provided.
src/components/Dashboard.tsx(267,13): error TS17004: Cannot use JSX unless the '--jsx' flag is provided.
src/components/Dashboard.tsx(270,11): error TS17004: Cannot use JSX unless the '--jsx' flag is provided.
src/components/Dashboard.tsx(278,13): error TS17004: Cannot use JSX unless the '--jsx' flag is provided.
src/components/Dashboard.tsx(281,11): error TS17004: Cannot use JSX unless the '--jsx' flag is provided.
src/components/Dashboard.tsx(289,13): error TS17004: Cannot use JSX unless the '--jsx' flag is provided.
src/components/Dashboard.tsx(292,11): error TS17004: Cannot use JSX unless the '--jsx' flag is provided.
src/components/Dashboard.tsx(300,13): error TS17004: Cannot use JSX unless the '--jsx' flag is provided.
src/components/Dashboard.tsx(303,11): error TS17004: Cannot use JSX unless the '--jsx' flag is provided.
src/components/Dashboard.tsx(307,13): error TS17004: Cannot use JSX unless the '--jsx' flag is provided.
src/components/Dashboard.tsx(312,9): error TS17004: Cannot use JSX unless the '--jsx' flag is provided.
src/components/Dashboard.tsx(313,11): error TS17004: Cannot use JSX unless the '--jsx' flag is provided.
src/components/Dashboard.tsx(317,13): error TS17004: Cannot use JSX unless the '--jsx' flag is provided.
src/components/Dashboard.tsx(324,7): error TS17004: Cannot use JSX unless the '--jsx' flag is provided.
src/components/Dashboard.tsx(325,9): error TS17004: Cannot use JSX unless the '--jsx' flag is provided.
src/components/Dashboard.tsx(326,11): error TS17004: Cannot use JSX unless the '--jsx' flag is provided.
src/components/Dashboard.tsx(328,15): error TS17004: Cannot use JSX unless the '--jsx' flag is provided.
src/components/Dashboard.tsx(336,17): error TS17004: Cannot use JSX unless the '--jsx' flag is provided.
src/components/Dashboard.tsx(337,19): error TS17004: Cannot use JSX unless the '--jsx' flag is provided.
src/components/Dashboard.tsx(338,19): error TS17004: Cannot use JSX unless the '--jsx' flag is provided.
src/components/Dashboard.tsx(340,19): error TS17004: Cannot use JSX unless the '--jsx' flag is provided.
src/components/Dashboard.tsx(341,21): error TS17004: Cannot use JSX unless the '--jsx' flag is provided.
src/components/Dashboard.tsx(344,21): error TS17004: Cannot use JSX unless the '--jsx' flag is provided.
src/components/Dashboard.tsx(345,23): error TS17004: Cannot use JSX unless the '--jsx' flag is provided.
src/components/Dashboard.tsx(346,23): error TS17004: Cannot use JSX unless the '--jsx' flag is provided.
src/components/Dashboard.tsx(349,23): error TS17004: Cannot use JSX unless the '--jsx' flag is provided.
src/components/Dashboard.tsx(355,17): error TS17004: Cannot use JSX unless the '--jsx' flag is provided.
src/components/Dashboard.tsx(357,19): error TS17004: Cannot use JSX unless the '--jsx' flag is provided.
src/components/Dashboard.tsx(358,21): error TS17004: Cannot use JSX unless the '--jsx' flag is provided.
src/components/Dashboard.tsx(359,23): error TS17004: Cannot use JSX unless the '--jsx' flag is provided.
src/components/Dashboard.tsx(360,25): error TS17004: Cannot use JSX unless the '--jsx' flag is provided.
src/components/Dashboard.tsx(361,25): error TS17004: Cannot use JSX unless the '--jsx' flag is provided.
src/components/Dashboard.tsx(363,23): error TS17004: Cannot use JSX unless the '--jsx' flag is provided.
src/components/Dashboard.tsx(364,25): error TS17004: Cannot use JSX unless the '--jsx' flag is provided.
src/components/Dashboard.tsx(365,25): error TS17004: Cannot use JSX unless the '--jsx' flag is provided.
src/components/Dashboard.tsx(370,19): error TS17004: Cannot use JSX unless the '--jsx' flag is provided.
src/components/Dashboard.tsx(372,21): error TS17004: Cannot use JSX unless the '--jsx' flag is provided.
src/components/Dashboard.tsx(373,23): error TS17004: Cannot use JSX unless the '--jsx' flag is provided.
src/components/Dashboard.tsx(374,25): error TS17004: Cannot use JSX unless the '--jsx' flag is provided.
src/components/Dashboard.tsx(375,27): error TS17004: Cannot use JSX unless the '--jsx' flag is provided.
src/components/Dashboard.tsx(377,25): error TS17004: Cannot use JSX unless the '--jsx' flag is provided.
src/components/Dashboard.tsx(385,23): error TS17004: Cannot use JSX unless the '--jsx' flag is provided.
src/components/Dashboard.tsx(386,25): error TS17004: Cannot use JSX unless the '--jsx' flag is provided.
src/components/Dashboard.tsx(387,27): error TS17004: Cannot use JSX unless the '--jsx' flag is provided.
src/components/Dashboard.tsx(389,25): error TS17004: Cannot use JSX unless the '--jsx' flag is provided.
src/components/Dashboard.tsx(400,21): error TS17004: Cannot use JSX unless the '--jsx' flag is provided.
src/components/Dashboard.tsx(401,23): error TS17004: Cannot use JSX unless the '--jsx' flag is provided.
src/components/Dashboard.tsx(402,25): error TS17004: Cannot use JSX unless the '--jsx' flag is provided.
src/components/Dashboard.tsx(403,27): error TS17004: Cannot use JSX unless the '--jsx' flag is provided.
src/components/Dashboard.tsx(403,202): error TS17004: Cannot use JSX unless the '--jsx' flag is provided.
src/components/Dashboard.tsx(403,259): error TS17004: Cannot use JSX unless the '--jsx' flag is provided.
src/components/Dashboard.tsx(405,27): error TS17004: Cannot use JSX unless the '--jsx' flag is provided.
src/components/Dashboard.tsx(407,25): error TS17004: Cannot use JSX unless the '--jsx' flag is provided.
src/components/Dashboard.tsx(411,23): error TS17004: Cannot use JSX unless the '--jsx' flag is provided.
src/components/Dashboard.tsx(412,25): error TS17004: Cannot use JSX unless the '--jsx' flag is provided.
src/components/Dashboard.tsx(413,27): error TS17004: Cannot use JSX unless the '--jsx' flag is provided.
src/components/Dashboard.tsx(413,202): error TS17004: Cannot use JSX unless the '--jsx' flag is provided.
src/components/Dashboard.tsx(416,25): error TS17004: Cannot use JSX unless the '--jsx' flag is provided.
src/components/Dashboard.tsx(428,19): error TS17004: Cannot use JSX unless the '--jsx' flag is provided.
src/components/Dashboard.tsx(429,21): error TS17004: Cannot use JSX unless the '--jsx' flag is provided.
src/components/Dashboard.tsx(430,21): error TS17004: Cannot use JSX unless the '--jsx' flag is provided.
src/components/Dashboard.tsx(435,34): error TS17004: Cannot use JSX unless the '--jsx' flag is provided.
src/components/Dashboard.tsx(436,25): error TS17004: Cannot use JSX unless the '--jsx' flag is provided.
src/components/Dashboard.tsx(437,27): error TS17004: Cannot use JSX unless the '--jsx' flag is provided.
src/components/Dashboard.tsx(448,15): error TS17004: Cannot use JSX unless the '--jsx' flag is provided.
src/components/Dashboard.tsx(455,17): error TS17004: Cannot use JSX unless the '--jsx' flag is provided.
src/components/Dashboard.tsx(456,19): error TS17004: Cannot use JSX unless the '--jsx' flag is provided.
src/components/Dashboard.tsx(457,21): error TS17004: Cannot use JSX unless the '--jsx' flag is provided.
src/components/Dashboard.tsx(458,21): error TS17004: Cannot use JSX unless the '--jsx' flag is provided.
src/components/Dashboard.tsx(460,19): error TS17004: Cannot use JSX unless the '--jsx' flag is provided.
src/components/Dashboard.tsx(466,19): error TS17004: Cannot use JSX unless the '--jsx' flag is provided.
src/components/Dashboard.tsx(467,21): error TS17004: Cannot use JSX unless the '--jsx' flag is provided.
src/components/Dashboard.tsx(468,21): error TS17004: Cannot use JSX unless the '--jsx' flag is provided.
src/components/Dashboard.tsx(471,19): error TS17004: Cannot use JSX unless the '--jsx' flag is provided.
src/components/Dashboard.tsx(473,23): error TS17004: Cannot use JSX unless the '--jsx' flag is provided.
src/components/Dashboard.tsx(480,25): error TS17004: Cannot use JSX unless the '--jsx' flag is provided.
src/components/Dashboard.tsx(484,25): error TS17004: Cannot use JSX unless the '--jsx' flag is provided.
src/components/Dashboard.tsx(485,27): error TS17004: Cannot use JSX unless the '--jsx' flag is provided.
src/components/Dashboard.tsx(486,29): error TS17004: Cannot use JSX unless the '--jsx' flag is provided.
src/components/Dashboard.tsx(487,31): error TS17004: Cannot use JSX unless the '--jsx' flag is provided.
src/components/Dashboard.tsx(490,29): error TS17004: Cannot use JSX unless the '--jsx' flag is provided.
src/components/Dashboard.tsx(491,31): error TS17004: Cannot use JSX unless the '--jsx' flag is provided.
src/components/Dashboard.tsx(492,33): error TS17004: Cannot use JSX unless the '--jsx' flag is provided.
src/components/Dashboard.tsx(493,33): error TS17004: Cannot use JSX unless the '--jsx' flag is provided.
src/components/Dashboard.tsx(501,31): error TS17004: Cannot use JSX unless the '--jsx' flag is provided.
src/components/Dashboard.tsx(502,33): error TS17004: Cannot use JSX unless the '--jsx' flag is provided.
src/components/Dashboard.tsx(503,33): error TS17004: Cannot use JSX unless the '--jsx' flag is provided.
src/components/Dashboard.tsx(523,29): error TS17004: Cannot use JSX unless the '--jsx' flag is provided.
src/components/Dashboard.tsx(524,31): error TS17004: Cannot use JSX unless the '--jsx' flag is provided.
src/components/Dashboard.tsx(525,33): error TS17004: Cannot use JSX unless the '--jsx' flag is provided.
src/components/Dashboard.tsx(532,31): error TS17004: Cannot use JSX unless the '--jsx' flag is provided.
src/components/Dashboard.tsx(533,33): error TS17004: Cannot use JSX unless the '--jsx' flag is provided.
src/components/Dashboard.tsx(539,27): error TS17004: Cannot use JSX unless the '--jsx' flag is provided.
src/components/Dashboard.tsx(540,29): error TS17004: Cannot use JSX unless the '--jsx' flag is provided.
src/components/Dashboard.tsx(541,29): error TS17004: Cannot use JSX unless the '--jsx' flag is provided.
src/components/Dashboard.tsx(547,31): error TS17004: Cannot use JSX unless the '--jsx' flag is provided.
src/components/Dashboard.tsx(551,29): error TS17004: Cannot use JSX unless the '--jsx' flag is provided.
src/components/Dashboard.tsx(552,33): error TS17004: Cannot use JSX unless the '--jsx' flag is provided.
src/components/Dashboard.tsx(556,99): error TS17004: Cannot use JSX unless the '--jsx' flag is provided.
src/components/Dashboard.tsx(560,35): error TS17004: Cannot use JSX unless the '--jsx' flag is provided.
src/components/Dashboard.tsx(566,39): error TS17004: Cannot use JSX unless the '--jsx' flag is provided.
src/components/Dashboard.tsx(568,39): error TS17004: Cannot use JSX unless the '--jsx' flag is provided.
src/components/Dashboard.tsx(578,25): error TS17004: Cannot use JSX unless the '--jsx' flag is provided.
src/components/Dashboard.tsx(580,29): error TS17004: Cannot use JSX unless the '--jsx' flag is provided.
src/components/Dashboard.tsx(581,31): error TS17004: Cannot use JSX unless the '--jsx' flag is provided.
src/components/Dashboard.tsx(582,33): error TS17004: Cannot use JSX unless the '--jsx' flag is provided.
src/components/Dashboard.tsx(591,31): error TS17004: Cannot use JSX unless the '--jsx' flag is provided.
src/components/Dashboard.tsx(592,33): error TS17004: Cannot use JSX unless the '--jsx' flag is provided.
src/components/Dashboard.tsx(593,33): error TS17004: Cannot use JSX unless the '--jsx' flag is provided.
src/components/Dashboard.tsx(602,19): error TS17004: Cannot use JSX unless the '--jsx' flag is provided.
src/components/Dashboard.tsx(603,21): error TS17004: Cannot use JSX unless the '--jsx' flag is provided.
src/components/Dashboard.tsx(604,23): error TS17004: Cannot use JSX unless the '--jsx' flag is provided.
src/components/Dashboard.tsx(606,21): error TS17004: Cannot use JSX unless the '--jsx' flag is provided.
src/components/Dashboard.tsx(607,21): error TS17004: Cannot use JSX unless the '--jsx' flag is provided.
src/components/Dashboard.tsx(608,21): error TS17004: Cannot use JSX unless the '--jsx' flag is provided.
src/components/Dashboard.tsx(615,15): error TS17004: Cannot use JSX unless the '--jsx' flag is provided.
src/components/Dashboard.tsx(626,7): error TS17004: Cannot use JSX unless the '--jsx' flag is provided.
src/components/Dashboard.tsx(632,7): error TS17004: Cannot use JSX unless the '--jsx' flag is provided.
src/components/Dashboard.tsx(634,11): error TS17004: Cannot use JSX unless the '--jsx' flag is provided.
src/components/Dashboard.tsx(635,13): error TS17004: Cannot use JSX unless the '--jsx' flag is provided.
src/components/Dashboard.tsx(642,13): error TS17004: Cannot use JSX unless the '--jsx' flag is provided.
src/components/Dashboard.tsx(648,15): error TS17004: Cannot use JSX unless the '--jsx' flag is provided.
src/components/Dashboard.tsx(649,17): error TS17004: Cannot use JSX unless the '--jsx' flag is provided.
src/components/Dashboard.tsx(650,19): error TS17004: Cannot use JSX unless the '--jsx' flag is provided.
src/components/Dashboard.tsx(652,17): error TS17004: Cannot use JSX unless the '--jsx' flag is provided.
src/components/Dashboard.tsx(653,19): error TS17004: Cannot use JSX unless the '--jsx' flag is provided.
src/components/Dashboard.tsx(654,19): error TS17004: Cannot use JSX unless the '--jsx' flag is provided.
src/components/Dashboard.tsx(655,59): error TS17004: Cannot use JSX unless the '--jsx' flag is provided.
src/components/Dashboard.tsx(660,15): error TS17004: Cannot use JSX unless the '--jsx' flag is provided.
src/components/Dashboard.tsx(661,17): error TS17004: Cannot use JSX unless the '--jsx' flag is provided.
src/components/Dashboard.tsx(667,17): error TS17004: Cannot use JSX unless the '--jsx' flag is provided.
src/components/Dashboard.tsx(725,5): error TS17004: Cannot use JSX unless the '--jsx' flag is provided.
src/components/Dashboard.tsx(726,7): error TS17004: Cannot use JSX unless the '--jsx' flag is provided.
src/components/Dashboard.tsx(733,7): error TS17004: Cannot use JSX unless the '--jsx' flag is provided.
src/components/Dashboard.tsx(739,9): error TS17004: Cannot use JSX unless the '--jsx' flag is provided.
src/components/Dashboard.tsx(740,11): error TS17004: Cannot use JSX unless the '--jsx' flag is provided.
src/components/Dashboard.tsx(741,11): error TS17004: Cannot use JSX unless the '--jsx' flag is provided.
src/components/Dashboard.tsx(742,13): error TS17004: Cannot use JSX unless the '--jsx' flag is provided.
src/components/Dashboard.tsx(743,15): error TS17004: Cannot use JSX unless the '--jsx' flag is provided.
src/components/Dashboard.tsx(744,15): error TS17004: Cannot use JSX unless the '--jsx' flag is provided.
src/components/Dashboard.tsx(746,13): error TS17004: Cannot use JSX unless the '--jsx' flag is provided.
src/components/Dashboard.tsx(750,15): error TS17004: Cannot use JSX unless the '--jsx' flag is provided.
src/components/Dashboard.tsx(756,9): error TS17004: Cannot use JSX unless the '--jsx' flag is provided.
src/components/Dashboard.tsx(757,11): error TS17004: Cannot use JSX unless the '--jsx' flag is provided.
src/components/Dashboard.tsx(759,13): error TS17004: Cannot use JSX unless the '--jsx' flag is provided.
src/components/Dashboard.tsx(761,17): error TS17004: Cannot use JSX unless the '--jsx' flag is provided.
src/components/Dashboard.tsx(764,21): error TS17004: Cannot use JSX unless the '--jsx' flag is provided.
src/components/Dashboard.tsx(768,19): error TS17004: Cannot use JSX unless the '--jsx' flag is provided.
src/components/Dashboard.tsx(771,21): error TS17004: Cannot use JSX unless the '--jsx' flag is provided.
src/components/Dashboard.tsx(773,23): error TS17004: Cannot use JSX unless the '--jsx' flag is provided.
src/components/Dashboard.tsx(774,25): error TS17004: Cannot use JSX unless the '--jsx' flag is provided.
src/components/Dashboard.tsx(780,19): error TS17004: Cannot use JSX unless the '--jsx' flag is provided.
src/components/Dashboard.tsx(781,21): error TS17004: Cannot use JSX unless the '--jsx' flag is provided.
src/components/Dashboard.tsx(784,21): error TS17004: Cannot use JSX unless the '--jsx' flag is provided.
src/components/Dashboard.tsx(820,7): error TS17004: Cannot use JSX unless the '--jsx' flag is provided.
src/components/Dashboard.tsx(827,9): error TS17004: Cannot use JSX unless the '--jsx' flag is provided.
src/components/Dashboard.tsx(828,11): error TS17004: Cannot use JSX unless the '--jsx' flag is provided.
src/components/Dashboard.tsx(830,9): error TS17004: Cannot use JSX unless the '--jsx' flag is provided.
src/components/Dashboard.tsx(831,9): error TS17004: Cannot use JSX unless the '--jsx' flag is provided.
src/components/Dashboard.tsx(832,9): error TS17004: Cannot use JSX unless the '--jsx' flag is provided.
src/components/Dashboard.tsx(838,5): error TS17004: Cannot use JSX unless the '--jsx' flag is provided.
src/components/Dashboard.tsx(844,7): error TS17004: Cannot use JSX unless the '--jsx' flag is provided.
src/components/Dashboard.tsx(845,9): error TS17004: Cannot use JSX unless the '--jsx' flag is provided.
src/components/Dashboard.tsx(846,9): error TS17004: Cannot use JSX unless the '--jsx' flag is provided.
src/components/Dashboard.tsx(849,7): error TS17004: Cannot use JSX unless the '--jsx' flag is provided.
src/components/Dashboard.tsx(851,11): error TS17004: Cannot use JSX unless the '--jsx' flag is provided.
src/components/Dashboard.tsx(852,13): error TS17004: Cannot use JSX unless the '--jsx' flag is provided.
src/components/Dashboard.tsx(854,17): error TS17004: Cannot use JSX unless the '--jsx' flag is provided.
src/components/Dashboard.tsx(857,13): error TS17004: Cannot use JSX unless the '--jsx' flag is provided.
src/components/Dashboard.tsx(858,15): error TS17004: Cannot use JSX unless the '--jsx' flag is provided.
src/components/Dashboard.tsx(859,15): error TS17004: Cannot use JSX unless the '--jsx' flag is provided.
src/components/Dashboard.tsx(860,15): error TS17004: Cannot use JSX unless the '--jsx' flag is provided.
src/components/Dashboard.tsx(861,17): error TS17004: Cannot use JSX unless the '--jsx' flag is provided.
src/components/Dashboard.tsx(864,17): error TS17004: Cannot use JSX unless the '--jsx' flag is provided.
src/components/Dashboard.tsx(865,19): error TS17004: Cannot use JSX unless the '--jsx' flag is provided.
src/components/Dashboard.tsx(866,21): error TS17004: Cannot use JSX unless the '--jsx' flag is provided.
src/components/Dashboard.tsx(868,19): error TS17004: Cannot use JSX unless the '--jsx' flag is provided.
src/components/Dashboard.tsx(869,19): error TS17004: Cannot use JSX unless the '--jsx' flag is provided.
src/components/Dashboard.tsx(870,21): error TS17004: Cannot use JSX unless the '--jsx' flag is provided.
src/components/Dashboard.tsx(875,13): error TS17004: Cannot use JSX unless the '--jsx' flag is provided.
src/components/Dashboard.tsx(876,15): error TS17004: Cannot use JSX unless the '--jsx' flag is provided.
src/components/Dashboard.tsx(881,7): error TS17004: Cannot use JSX unless the '--jsx' flag is provided.
src/components/Dashboard.tsx(884,11): error TS17004: Cannot use JSX unless the '--jsx' flag is provided.
src/components/Dashboard.tsx(885,13): error TS17004: Cannot use JSX unless the '--jsx' flag is provided.
src/components/Dashboard.tsx(886,13): error TS17004: Cannot use JSX unless the '--jsx' flag is provided.
src/components/Dashboard.tsx(888,17): error TS17004: Cannot use JSX unless the '--jsx' flag is provided.
src/components/Dashboard.tsx(897,19): error TS17004: Cannot use JSX unless the '--jsx' flag is provided.
src/components/Dashboard.tsx(898,21): error TS17004: Cannot use JSX unless the '--jsx' flag is provided.
src/components/Dashboard.tsx(900,23): error TS17004: Cannot use JSX unless the '--jsx' flag is provided.
src/components/Dashboard.tsx(903,19): error TS17004: Cannot use JSX unless the '--jsx' flag is provided.
src/components/Dashboard.tsx(904,79): error TS17004: Cannot use JSX unless the '--jsx' flag is provided.
src/components/Dashboard.tsx(905,60): error TS17004: Cannot use JSX unless the '--jsx' flag is provided.
src/components/Dashboard.tsx(914,9): error TS17004: Cannot use JSX unless the '--jsx' flag is provided.
src/components/Dashboard.tsx(915,11): error TS17004: Cannot use JSX unless the '--jsx' flag is provided.
src/components/Dashboard.tsx(916,13): error TS17004: Cannot use JSX unless the '--jsx' flag is provided.
src/components/Dashboard.tsx(917,13): error TS17004: Cannot use JSX unless the '--jsx' flag is provided.
src/components/Dashboard.tsx(921,11): error TS17004: Cannot use JSX unless the '--jsx' flag is provided.
src/components/Dashboard.tsx(930,26): error TS17004: Cannot use JSX unless the '--jsx' flag is provided.
src/components/Dashboard.tsx(930,73): error TS17004: Cannot use JSX unless the '--jsx' flag is provided.
src/components/Dashboard.tsx(930,75): error TS17004: Cannot use JSX unless the '--jsx' flag is provided.
